[2026-09-11T12:00:54.221Z] DOMAIN_EXPIRY_ALERT | To: client@flymediatech.com | Subject: ⚠️ URGENT: Domain Renewal Notice - flymediatech.com (EXPIRING IN 14 DAYS) | ID: <7201d034-55da-3b05-4361-89ae78d2bbd6@workontap.com>
Body:
Dear Flymedia Tech HQ,

This is an automated renewal alert for your domain registered with DeviceDesk / Fly Media Technology.

Domain Name: flymediatech.com
Registrar: GoDaddy
Expiry Date: 2026-09-25
Status: EXPIRING IN 14 DAYS
Renewal Cost: $18.99

Please contact your account manager or renewal team immediately to ensure uninterrupted DNS and website services.

Thank you,
DeviceDesk Support Team
--------------------------------------------------
[2026-09-11T12:00:57.704Z] DOMAIN_EXPIRY_ALERT | To: admin@flymediatech.com | Subject: 🚨 [Super Admin Alert] Domain Expiry Notice: flymediatech.com (EXPIRING IN 14 DAYS) | ID: <554f649a-3cdb-3505-1a9b-ba7a806aba9e@workontap.com>
Body:
Super Admin Notification:

The following domain is expiring soon and requires administrative review / renewal action:

- Domain Name: flymediatech.com
- Client: Flymedia Tech HQ (client@flymediatech.com)
- Registrar: GoDaddy
- Expiry Date: 2026-09-25
- Days Remaining: 14 days
- Auto-Renew: Enabled
- Estimated Renewal Cost: $18.99

Please login to the Super Admin Domain Management Portal at /admin/domains to renew or contact the client.

DeviceDesk Automated Fleet Monitor
--------------------------------------------------
[2026-09-11T12:03:32.435Z] DOMAIN_EXPIRY_ALERT | To: client@flymediatech.com | Subject: ⚠️ URGENT: Domain Renewal Notice - flymediatech.com (EXPIRING IN 14 DAYS) | ID: <d6240a00-73fd-3a28-b96e-d0ce965106da@workontap.com>
Body:
Dear Flymedia Tech HQ,

This is an automated renewal alert for your domain registered with DeviceDesk / Fly Media Technology.

Domain Name: flymediatech.com
Registrar: GoDaddy
Expiry Date: 2026-09-25
Status: EXPIRING IN 14 DAYS
Renewal Cost: $18.99

Please contact your account manager or renewal team immediately to ensure uninterrupted DNS and website services.

Thank you,
DeviceDesk Support Team
--------------------------------------------------
[2026-09-11T12:03:35.342Z] DOMAIN_EXPIRY_ALERT | To: admin@flymediatech.com | Subject: 🚨 [Super Admin Alert] Domain Expiry Notice: flymediatech.com (EXPIRING IN 14 DAYS) | ID: <c0f5f40c-e893-e07b-3a2c-b78e44c58f22@workontap.com>
Body:
Super Admin Notification:

The following domain is expiring soon and requires administrative review / renewal action:

- Domain Name: flymediatech.com
- Client: Flymedia Tech HQ (client@flymediatech.com)
- Registrar: GoDaddy
- Expiry Date: 2026-09-25
- Days Remaining: 14 days
- Auto-Renew: Enabled
- Estimated Renewal Cost: $18.99

Please login to the Super Admin Domain Management Portal at /admin/domains to renew or contact the client.

DeviceDesk Automated Fleet Monitor
--------------------------------------------------
[2026-09-14T07:09:19.921Z] To: superadmin@devicedesk.com | ResetLink: http://localhost:3000/reset-password?token=df73b6bef0a1dd04111aaecb1e9e0b116a677d100900cb80c647e50ca516ee8a | EtherealURL: https://ethereal.email/message/aqednXS9RyYb0AEeaqedn2BC2Znvdv5ZAAAAASRHJnMoOBLUuyWb5EnHlk4
--------------------------------------------------
[2026-09-14T07:10:22.316Z] To: superadmin@devicedesk.com | ResetLink: http://localhost:3000/reset-password?token=48b6307fc32fb43f62824ff4e0ac78ea699184c85815494d3d40073944340038 | EtherealURL: https://ethereal.email/message/aqed23S9RyYb0Akraqed3l31x4oQTKS1AAAAAU3c5aOBALAubMMi.trFx5g
--------------------------------------------------
[2026-09-15T04:24:07.610Z] To: hr@yopmail.com | ResetLink: http://localhost:3000/reset-password?token=61b78934dbeb0b20251e39081c1e34f06e77884ad6011cb7435adeed8600df49 | EtherealURL: https://ethereal.email/message/aqjIZF.qZeQKg0G5aqjIZ.LvAxtdpvrrAAAAARIhpQ8Cj.WM17P8E91i3L4
--------------------------------------------------
[2026-09-15T04:42:22.396Z] To: hr@yopmail.com | ResetLink: http://localhost:3000/reset-password?token=bd11f9adedd710f7d1173a41eacd649ccf8bf1ef40032bb9179b9632eae27ac3 | EtherealURL: https://ethereal.email/message/aqjMq1.qZeQKg7htaqjMrmBC2Znvd2fLAAAAAUFdY6EXOgh1XjwnCQOyuaQ
--------------------------------------------------
[2026-09-15T04:43:38.085Z] To: hr@yopmail.com | ResetLink: http://localhost:3000/reset-password?token=420201d4a2a75f11fe1e9662df03aea49a122b0a88fab72807864761af7a3942 | EtherealURL: https://ethereal.email/message/aqjM91.qZeQKg78kaqjM-vLvAxtdpvvWAAAAAVnb7xlJh4ZGatX4Qwb9e94
--------------------------------------------------
[2026-09-15T04:45:41.215Z] To: hr@yopmail.com | ResetLink: http://localhost:3000/reset-password?token=bb2c265851c28278f61cc4c8f1e61befe7f4cb0757b2ae87a88dba6a9bfe6683 | EtherealURL: https://ethereal.email/message/aqjNcl.qZeQKg8qIaqjNdZW6vNXKjeEUAAAAAQ2GYEWUUVTv92AJiMB.hiE
--------------------------------------------------
[2026-09-15T04:46:15.102Z] To: hr@yopmail.com | ResetLink: http://localhost:3000/reset-password?token=f487663e5c48c62b8eec8b4019d39af9cb9b5b1d4b5e87748acb301877a5e2f9 | EtherealURL: https://ethereal.email/message/aqjNlF.qZeQKg83oaqjNl131x4oQTQ3xAAAAAZy7tEA7USjR2OPzzv5HOtQ
--------------------------------------------------
[2026-09-15T06:44:06.287Z] To: hr@yopmail.com | ResetLink: http://localhost:3000/reset-password?token=5ff235327792ae5e3430281841fbf9c17ae56e16070111f2e51092e43a93747d | EtherealURL: https://ethereal.email/message/aqjpMl.qZeQKhw8yaqjpNvLvAxtdpwUBAAAAAVKmZjyoxnRju46-8mydwHw
--------------------------------------------------
[2026-09-15T06:47:46.893Z] To: hr@yopmail.com | ResetLink: http://localhost:3000/reset-password?token=2110973e9a02c748ab6a1973e8b21d974c92c57d47bdc6d3650981b22cfd347c | EtherealURL: N/A
--------------------------------------------------
